// Jest Snapshot v1, https://goo.gl/fbAQLP

exports[`Quantity Should be rendered correct 1`] = `
<div
  className="container"
>
  <button
    className="btn minus"
    onClick={[Function]}
    type="button"
  />
  <input
    className="field"
    inputMode="numeric"
    onChange={[Function]}
    type="text"
    value={2}
  />
  <button
    className="btn plus"
    onClick={[Function]}
    type="button"
  />
</div>
`;
